  Clipboard.cpp
  Context.cpp
  Cursor.cpp
  GlContext.cpp
  GlResource.cpp
  Joystick.cpp
  JoystickManager.cpp
  Keyboard.cpp
  Mouse.cpp
  Sensor.cpp
  SensorManager.cpp
  Touch.cpp
  VideoMode.cpp
  Vulkan.cpp
  ClipboardImpl.cpp
  CursorImpl.cpp
  InputImpl.cpp
  JoystickImpl.cpp
  SensorImpl.cpp
  VideoModeImpl.cpp
  Generating Code...
  Compiling...
  VulkanImplWin32.cpp
  WglContext.cpp
  WindowImplWin32.cpp
  Window.cpp
  WindowBase.cpp
  WindowImpl.cpp
  Generating Code...
  sfml-window.vcxproj -> C:\Users\svt16\Desktop\Nuclear Throne Arranged\cmake-sfml-project\build\_deps\sfml-build\lib\Release\sfml-window-s.lib
