  Building Custom Rule C:/Users/svt16/Desktop/Nuclear Throne Arranged/cmake-sfml-project/build/_deps/sfml-src/src/SFML/Window/CMakeLists.txt
  Clipboard.cpp
  Context.cpp
  Cursor.cpp
  GlContext.cpp
  GlResource.cpp
  Joystick.cpp
  JoystickManager.cpp
  Keyboard.cpp
  Mouse.cpp
  Touch.cpp
  Sensor.cpp
  SensorManager.cpp
  VideoMode.cpp
  Vulkan.cpp
  Window.cpp
  WindowBase.cpp
  WindowImpl.cpp
  CursorImpl.cpp
  ClipboardImpl.cpp
  InputImpl.cpp
  Generating Code...
  Compiling...
  JoystickImpl.cpp
  SensorImpl.cpp
  VideoModeImpl.cpp
  VulkanImplWin32.cpp
  WindowImplWin32.cpp
  WglContext.cpp
  Generating Code...
MinSizeRel\Clipboard.obj : fatal error LNK1112: module machine type 'x86' conflicts with target machine type 'x64'
